// Jest Snapshot v1, https://goo.gl/fbAQLP

exports[`RdsToggle renders the component 1`] = `
<label
  class="toggle-switch pt-1 switch btn-color-mode-switch border-0"
>
  <input
    id="flexSwitchCheckDefault"
    type="checkbox"
  />
  <span
    class="  toggle-switch-slider d-flex align-items-center justify-content-around btn-color-mode-switch-inner border-0"
    id="toggleId"
  >
    <div
      class="position-relative z-3"
    >
      <p
        class=" p-0 m-0 singleLine undefined"
      >
        <label
          for="uncheck"
        >
          uncheck
        </label>
      </p>
    </div>
    <div
      class="position-relative z-3"
    >
      <p
        class=" p-0 m-0 singleLine undefined"
      >
        <label
          for="check"
        >
          check
        </label>
      </p>
    </div>
  </span>
</label>
`;
