// Jest Snapshot v1, https://goo.gl/fbAQLP

exports[`RdsBreadcrumb renders correctly with default props 1`] = `<div />`;
